2023/05/27 12:27:30 nick know2.py 泰拳警告
2023/05/27 12:27:30 nick know2.py 提示
2023/05/27 12:27:30 nick know2.py 错误
2023/05/27 12:33:57 nick know2.py 泰拳警告
2023/05/27 12:33:57 nick know2.py 提示
2023/05/27 12:33:57 nick know2.py 错误
2023/05/27 12:38:00 nick know3.py 泰拳警告
2023/05/27 12:38:00 nick know3.py 提示
2023/05/27 12:38:00 nick know3.py 提示
2023/05/27 12:38:00 nick know3.py 错误
2023/05/27 12:38:00 nick know3.py 错误
2023/05/27 12:38:00 nick know3.py 错误
2023/05/27 12:38:36 nick know3.py 泰拳警告
2023/05/27 12:38:36 nick know3.py 提示
2023/05/27 12:38:36 nick know3.py 提示
2023/05/27 12:38:36 nick know3.py 错误
2023/05/27 12:38:36 nick know3.py 错误
2023/05/27 12:38:36 nick know3.py 错误
2023/05/27 12:42:05 nick know4.py 泰拳警告
2023/05/27 12:42:05 nick know4.py 提示
2023/05/27 12:42:05 nick know4.py 错误
2023/10/13 22:18:36 nick know2.py 泰拳警告
2023/10/13 22:18:36 nick know2.py 提示
2023/10/13 22:18:36 nick know2.py 错误
2023/10/13 22:19:56 nick know2.py 泰拳警告
2023/10/13 22:19:56 nick know2.py 提示
2023/10/13 22:19:56 nick know2.py 错误
2023/10/13 22:19:56 nick know2.py 
path=/usr1/workspace/
branch=master

